{
  "metadata": {
    "name": "orange-rectangle",
    "description": "PowerPoint content: orange-rectangle",
    "downloadedAt": "2025-08-31T06:49:05.640Z",
    "size": 3875,
    "contentType": "application/octet-stream",
    "url": "https://euc-powerpoint.officeapps.live.com/pods/GetClipboardBytes.ashx?Id=bd559a8b-7f9b-4364-9a06-425270f5b2b6&amp;DC=GEU7&amp;pkey=a8dcc7f1-493e-4cf2-a839-203f6208a2f0&amp;wdwaccluster=GEU7&amp;DataType=shape"
  },
  "components": [
    {
      "id": "shape-1756622945639-0",
      "type": "shape",
      "x": 559,
      "y": 86,
      "width": 150,
      "height": 97,
      "rotation": 0,
      "content": "rectangle shape",
      "style": {
        "backgroundColor": "#ED7D31",
        "borderColor": "transparent",
        "borderWidth": 0,
        "borderStyle": "none",
        "opacity": 1,
        "effects": []
      },
      "metadata": {
        "shapeType": "rectangle",
        "preset": "rect",
        "hasCustomGeometry": false,
        "fillType": "solid",
        "borderType": "none",
        "effects": []
      },
      "slideIndex": 0
    }
  ],
  "componentCount": 1,
  "componentTypes": {
    "shape": 1
  }
}