{
  "metadata": {
    "name": "rotated-shapes",
    "description": "PowerPoint content: rotated-shapes",
    "downloadedAt": "2025-08-31T11:29:12.268Z",
    "size": 4331,
    "contentType": "application/octet-stream",
    "url": "https://euc-powerpoint.officeapps.live.com/pods/GetClipboardBytes.ashx?Id=7172440d-ab13-4e07-8ea0-31d4635b3e32&amp;DC=GEU7&amp;pkey=3e710a1f-7271-44d0-a424-8f38536add48&amp;wdwaccluster=GEU7&amp;DataType=shape"
  },
  "components": [
    {
      "id": "text-1756639752267-0",
      "type": "text",
      "x": 262,
      "y": 287,
      "width": 594,
      "height": 68,
      "rotation": -36,
      "content": "HELLO THIS IS MAGICAL",
      "richText": {
        "type": "doc",
        "content": [
          {
            "type": "paragraph",
            "content": [
              {
                "type": "text",
                "text": "HELLO THIS IS MAGICAL",
                "marks": [
                  {
                    "type": "bold"
                  }
                ]
              }
            ]
          }
        ]
      },
      "style": {
        "fontSize": 36,
        "fontFamily": "Arial",
        "fontWeight": "bold",
        "fontStyle": "normal",
        "textDecoration": "none",
        "color": "#E97132",
        "backgroundColor": "transparent",
        "textAlign": "left",
        "opacity": 1
      },
      "metadata": {
        "isTitle": true,
        "paragraphCount": 1,
        "hasMultipleRuns": false,
        "shapeType": "rect",
        "hasBullets": false
      },
      "slideIndex": 0
    },
    {
      "id": "shape-1756639752267-1",
      "type": "shape",
      "x": 559,
      "y": 86,
      "width": 150,
      "height": 97,
      "rotation": 55,
      "content": "rectangle shape",
      "style": {
        "backgroundColor": "#ED7D31",
        "borderColor": "transparent",
        "borderStyle": "none",
        "borderWidth": 0,
        "opacity": 1,
        "effects": []
      },
      "metadata": {
        "shapeType": "rectangle",
        "preset": "rect",
        "hasCustomGeometry": false,
        "fillType": "solid",
        "borderType": "none",
        "effects": []
      },
      "slideIndex": 0
    }
  ],
  "componentCount": 2,
  "componentTypes": {
    "text": 1,
    "shape": 1
  }
}