{
  "metadata": {
    "name": "up-arrow-shape",
    "description": "PowerPoint content: up-arrow-shape",
    "downloadedAt": "2025-08-31T07:28:10.378Z",
    "size": 3869,
    "contentType": "application/octet-stream",
    "url": "https://euc-powerpoint.officeapps.live.com/pods/GetClipboardBytes.ashx?Id=1dc0a166-431d-4945-9bc6-d8b191c56ae2&amp;DC=GEU7&amp;pkey=625295be-f949-4aa0-8e16-3841f9207e55&amp;wdwaccluster=GEU7&amp;DataType=shape"
  },
  "components": [
    {
      "id": "shape-1756625290377-0",
      "type": "shape",
      "x": 341,
      "y": 471,
      "width": 124,
      "height": 176,
      "rotation": 0,
      "content": "up arrow shape",
      "style": {
        "backgroundColor": "#4472C4",
        "borderColor": "transparent",
        "borderWidth": 0,
        "borderStyle": "none",
        "opacity": 1,
        "effects": []
      },
      "metadata": {
        "shapeType": "up arrow",
        "preset": "upArrow",
        "hasCustomGeometry": false,
        "fillType": "solid",
        "borderType": "none",
        "effects": []
      },
      "slideIndex": 0
    }
  ],
  "componentCount": 1,
  "componentTypes": {
    "shape": 1
  }
}