{
  "metadata": {
    "name": "text-and-image",
    "description": "PowerPoint content: text-and-image",
    "downloadedAt": "2025-08-31T09:40:02.799Z",
    "size": 186443,
    "contentType": "application/octet-stream",
    "url": "https://euc-powerpoint.officeapps.live.com/pods/GetClipboardBytes.ashx?Id=e9a84c40-5e31-49c0-8662-ac302efc7170&amp;DC=GEU7&amp;pkey=5f0981b1-13b9-409c-a2a4-e5b9de657d58&amp;wdwaccluster=GEU7&amp;DataType=shape"
  },
  "components": [
    {
      "id": "text-1756633202798-0",
      "type": "text",
      "x": 109,
      "y": 41,
      "width": 288,
      "height": 139,
      "rotation": 0,
      "content": "TEXT",
      "style": {
        "fontSize": 80,
        "fontFamily": "Arial",
        "fontWeight": "normal",
        "fontStyle": "normal",
        "textDecoration": "none",
        "color": "#4EA72E",
        "backgroundColor": "transparent",
        "textAlign": "left",
        "opacity": 1
      },
      "metadata": {
        "isTitle": true,
        "paragraphCount": 1,
        "hasMultipleRuns": false,
        "shapeType": "rect"
      },
      "slideIndex": 0
    }
  ],
  "componentCount": 1,
  "componentTypes": {
    "text": 1
  }
}